[2026-04-11T21:07:57Z] === ENRICH ITERATION 7 START | repo=materialsproject/fireworks sha=7897db27 ===
[2026-04-11T21:07:57Z] [iter=7] PHASE START: enrich repo=materialsproject/fireworks sha=7897db27 runlog=/home/runner/work/forx/forx/storage/aggregate/lsp/logs/7897db27-enrich-iter-007.log output=/home/runner/work/forx/forx/storage/aggregate/lsp/7897db27c0dbb9769c3a57169f8722507e2878dc.nq.gz
[2026-04-11T21:08:05Z] [iter=7] Step 1: Loading AST into disk-backed store mem_mb=77 MB
[2026-04-11T21:08:27Z] [iter=7] AST store loaded triples=2668227 load_secs=21 mem_mb=949 MB
[2026-04-11T21:08:27Z] [iter=7] Step 2: Finding LSP targets mem_mb=949 MB
[2026-04-11T21:08:30Z] [iter=7] LSP targets found call_sites=17604 imports=514 extends=105 implements=0 secs=3
[2026-04-11T21:08:33Z] [iter=7] Loaded checkpoint partial graph triples=83275
[2026-04-11T21:08:35Z] [iter=7] Step 2.7: Building position index (one-shot, shared across resolvers) mem_mb=949 MB
[2026-04-11T21:08:51Z] [iter=7] Position index built positions=179957 nodes_with_types=214107 secs=16 mem_mb=949 MB
[2026-04-11T21:08:51Z] [iter=7] Step 3: Starting LSP resolution mem_mb=949 MB already_completed_types=['call_site'] already_completed_files=55
[2026-04-11T21:08:51Z] [iter=7] Skipping target type (completed in previous iteration) target_type=call_site
[2026-04-11T21:08:51Z] [iter=7] Resolving target type target_type=import_statement count=514
[2026-04-11T21:08:52Z] [iter=7] HEARTBEAT target_type=import_statement elapsed_min=0.9 files_done=0 resolved=0 errors=0 current=fireworks/core/tests/tasks.py
[2026-04-11T21:08:55Z] [iter=7] Target type resolved target_type=import_statement resolved=46 errors=0 secs=4 mem_mb=949 MB
[2026-04-11T21:08:55Z] [iter=7] Resolving target type target_type=extends_clause count=105
[2026-04-11T21:08:57Z] [iter=7] Target type resolved target_type=extends_clause resolved=33 errors=0 secs=1 mem_mb=949 MB
[2026-04-11T21:09:10Z] [iter=7] Step 5: Writing final enrichment file triples=175096
[2026-04-11T21:09:13Z] [iter=7] Enrichment file written path=/home/runner/work/forx/forx/storage/aggregate/lsp/7897db27c0dbb9769c3a57169f8722507e2878dc.nq.gz size_kb=3531
[2026-04-11T21:09:13Z] [iter=7] Checkpoint cleared (enrichment complete)
[2026-04-11T21:09:13Z] [iter=7] PHASE END: enrich elapsed_s=76 elapsed_min=1.3 total_triples=175096
