[2026-04-11T03:00:31Z] === ENRICH ITERATION 1 START | repo=materialsproject/fireworks sha=7897db27 ===
[2026-04-11T03:00:31Z] [iter=1] PHASE START: enrich repo=materialsproject/fireworks sha=7897db27 runlog=/home/runner/work/forx/forx/storage/aggregate/lsp/logs/7897db27-enrich-iter-001.log output=/home/runner/work/forx/forx/storage/aggregate/lsp/7897db27c0dbb9769c3a57169f8722507e2878dc.nq.gz
[2026-04-11T03:00:35Z] [iter=1] Step 1: Loading AST into disk-backed store mem_mb=77 MB
[2026-04-11T03:00:57Z] [iter=1] AST store loaded triples=2668227 load_secs=20 mem_mb=948 MB
[2026-04-11T03:00:57Z] [iter=1] Step 2: Finding LSP targets mem_mb=948 MB
[2026-04-11T03:00:59Z] [iter=1] LSP targets found call_sites=17604 imports=514 extends=105 implements=0 secs=3
[2026-04-11T03:01:01Z] [iter=1] Step 2.7: Building position index (one-shot, shared across resolvers) mem_mb=948 MB
[2026-04-11T03:01:15Z] [iter=1] Position index built positions=179957 nodes_with_types=214107 secs=14 mem_mb=948 MB
[2026-04-11T03:01:15Z] [iter=1] Step 3: Starting LSP resolution mem_mb=948 MB already_completed_types=[] already_completed_files=0
[2026-04-11T03:01:15Z] [iter=1] Resolving target type target_type=call_site count=17604
[2026-04-11T03:01:16Z] [iter=1] HEARTBEAT target_type=call_site elapsed_min=0.8 files_done=0 resolved=0 errors=0 current=fireworks/core/launchpad.py
[2026-04-11T03:08:48Z] [iter=1] HEARTBEAT target_type=call_site elapsed_min=8.3 files_done=1 resolved=125 errors=414 current=fireworks/scripts/lpad_run.py
[2026-04-11T03:17:59Z] [iter=1] HEARTBEAT target_type=call_site elapsed_min=17.5 files_done=2 resolved=353 errors=921 current=fireworks/core/firework.py
[2026-04-11T03:20:57Z] [iter=1] HEARTBEAT target_type=call_site elapsed_min=20.4 files_done=3 resolved=467 errors=1084 current=fireworks/user_objects/firetasks/tests/test_dataflow_tasks.py
[2026-04-11T03:22:17Z] [iter=1] HEARTBEAT target_type=call_site elapsed_min=21.8 files_done=4 resolved=506 errors=1158 current=fireworks/utilities/tests/test_dagflow.py
[2026-04-11T03:23:31Z] [iter=1] HEARTBEAT target_type=call_site elapsed_min=23.0 files_done=5 resolved=528 errors=1227 current=fireworks/flask_site/app.py
[2026-04-11T03:25:02Z] [iter=1] HEARTBEAT target_type=call_site elapsed_min=24.5 files_done=6 resolved=588 errors=1311 current=fireworks/core/tests/test_launchpad.py
[2026-04-11T03:34:26Z] [iter=1] HEARTBEAT target_type=call_site elapsed_min=33.9 files_done=7 resolved=777 errors=1833 current=tasks.py
[2026-04-11T03:36:40Z] [iter=1] HEARTBEAT target_type=call_site elapsed_min=36.2 files_done=9 resolved=843 errors=1956 current=fireworks/user_objects/firetasks/fileio_tasks.py
[2026-04-11T03:37:14Z] [iter=1] HEARTBEAT target_type=call_site elapsed_min=36.7 files_done=10 resolved=882 errors=1987 current=fireworks/tests/master_tests.py
[2026-04-11T03:37:49Z] [iter=1] HEARTBEAT target_type=call_site elapsed_min=37.3 files_done=11 resolved=892 errors=2019 current=fireworks/tests/mongo_tests.py
[2026-04-11T03:44:52Z] [iter=1] HEARTBEAT target_type=call_site elapsed_min=44.4 files_done=12 resolved=978 errors=2405 current=fireworks/utilities/update_collection.py
[2026-04-11T03:46:06Z] [iter=1] HEARTBEAT target_type=call_site elapsed_min=45.6 files_done=14 resolved=1004 errors=2473 current=fireworks/utilities/dagflow.py
[2026-04-11T03:47:34Z] [iter=1] HEARTBEAT target_type=call_site elapsed_min=47.1 files_done=15 resolved=1067 errors=2554 current=fireworks/features/fw_report.py
[2026-04-11T03:49:07Z] [iter=1] HEARTBEAT target_type=call_site elapsed_min=48.6 files_done=17 resolved=1098 errors=2640 current=fireworks/tests/multiprocessing_tests.py
[2026-04-11T03:49:55Z] [iter=1] HEARTBEAT target_type=call_site elapsed_min=49.4 files_done=18 resolved=1133 errors=2685 current=fireworks/core/tests/tasks.py
[2026-04-11T03:51:00Z] [iter=1] HEARTBEAT target_type=call_site elapsed_min=50.5 files_done=20 resolved=1172 errors=2744 current=fireworks/user_objects/queue_adapters/common_adapter.py
[2026-04-11T03:52:00Z] [iter=1] HEARTBEAT target_type=call_site elapsed_min=51.5 files_done=21 resolved=1197 errors=2799 current=fireworks/core/tests/test_tracker.py
[2026-04-11T03:52:50Z] [iter=1] HEARTBEAT target_type=call_site elapsed_min=52.3 files_done=22 resolved=1230 errors=2845 current=fireworks/utilities/tests/test_filepad.py
[2026-04-11T03:53:24Z] [iter=1] HEARTBEAT target_type=call_site elapsed_min=52.9 files_done=23 resolved=1240 errors=2876 current=fireworks/user_objects/firetasks/tests/test_filepad_tasks.py
[2026-04-11T03:55:14Z] [iter=1] HEARTBEAT target_type=call_site elapsed_min=54.7 files_done=24 resolved=1293 errors=2978 current=fireworks/utilities/fw_serializers.py
[2026-04-11T03:56:22Z] [iter=1] HEARTBEAT target_type=call_site elapsed_min=55.9 files_done=25 resolved=1353 errors=3040 current=fireworks/user_objects/firetasks/unittest_tasks.py
[2026-04-11T03:57:22Z] [iter=1] HEARTBEAT target_type=call_site elapsed_min=56.9 files_done=27 resolved=1378 errors=3094 current=fireworks/examples/custom_firetasks/hello_world/hello_world_run.py
[2026-04-11T03:58:15Z] [iter=1] HEARTBEAT target_type=call_site elapsed_min=57.7 files_done=29 resolved=1397 errors=3142 current=fireworks/utilities/filepad.py
[2026-04-11T03:59:28Z] [iter=1] HEARTBEAT target_type=call_site elapsed_min=59.0 files_done=30 resolved=1408 errors=3209 current=fireworks/user_objects/firetasks/script_task.py
[2026-04-11T04:00:11Z] [iter=1] HEARTBEAT target_type=call_site elapsed_min=59.7 files_done=31 resolved=1443 errors=3248 current=fireworks/features/stats.py
[2026-04-11T04:00:45Z] [iter=1] HEARTBEAT target_type=call_site elapsed_min=60.2 files_done=32 resolved=1450 errors=3279 current=fireworks/scripts/rlaunch_run.py
[2026-04-11T04:01:29Z] [iter=1] HEARTBEAT target_type=call_site elapsed_min=61.0 files_done=33 resolved=1462 errors=3319 current=fireworks/tests/test_workflow.py
[2026-04-11T04:02:31Z] [iter=1] HEARTBEAT target_type=call_site elapsed_min=62.0 files_done=34 resolved=1462 errors=3377 current=fireworks/examples/custom_firetasks/merge_task/merge_task.py
[2026-04-11T04:03:10Z] [iter=1] HEARTBEAT target_type=call_site elapsed_min=62.7 files_done=36 resolved=1479 errors=3412 current=fireworks/fw_config.py
[2026-04-11T04:04:12Z] [iter=1] HEARTBEAT target_type=call_site elapsed_min=63.7 files_done=38 resolved=1523 errors=3469 current=fireworks/user_objects/firetasks/tests/test_fileio_tasks.py
[2026-04-11T04:05:13Z] [iter=1] HEARTBEAT target_type=call_site elapsed_min=64.7 files_done=40 resolved=1597 errors=3525 current=fireworks/utilities/fw_utilities.py
[2026-04-11T04:05:52Z] [iter=1] HEARTBEAT target_type=call_site elapsed_min=65.3 files_done=41 resolved=1648 errors=3560 current=fireworks/utilities/dict_mods.py
[2026-04-11T04:06:26Z] [iter=1] HEARTBEAT target_type=call_site elapsed_min=65.9 files_done=42 resolved=1670 errors=3592 current=fireworks/user_objects/firetasks/templatewriter_task.py
[2026-04-11T04:07:23Z] [iter=1] HEARTBEAT target_type=call_site elapsed_min=66.9 files_done=44 resolved=1708 errors=3644 current=fireworks/flask_site/helpers.py
[2026-04-11T04:08:18Z] [iter=1] HEARTBEAT target_type=call_site elapsed_min=67.8 files_done=46 resolved=1720 errors=3695 current=fireworks/features/tests/test_introspect.py
[2026-04-11T04:09:11Z] [iter=1] HEARTBEAT target_type=call_site elapsed_min=68.7 files_done=48 resolved=1771 errors=3744 current=fireworks/examples/tutorial_examples/workflows.py
[2026-04-11T04:10:31Z] [iter=1] HEARTBEAT target_type=call_site elapsed_min=70.0 files_done=51 resolved=1817 errors=3817 current=fireworks/core/tests/test_rocket.py
[2026-04-11T04:11:10Z] [iter=1] HEARTBEAT target_type=call_site elapsed_min=70.7 files_done=56 resolved=1846 errors=3853 current=fireworks/flask_site/gunicorn.py
[2026-04-11T04:11:42Z] [iter=1] HEARTBEAT target_type=call_site elapsed_min=71.2 files_done=59 resolved=1869 errors=3883 current=fireworks/examples/tutorial_examples/introduction.py
[2026-04-11T04:12:32Z] [iter=1] HEARTBEAT target_type=call_site elapsed_min=72.0 files_done=66 resolved=1902 errors=3929 current=fireworks/examples/tutorial_examples/dynamic_wf1.py
[2026-04-11T04:13:03Z] [iter=1] HEARTBEAT target_type=call_site elapsed_min=72.5 files_done=74 resolved=1917 errors=3957 current=fireworks/examples/custom_firetasks/hello_world/hello_world_task.py
[2026-04-11T04:42:30Z] [iter=1] HEARTBEAT target_type=call_site elapsed_min=102.0 files_done=76 resolved=1971 errors=5584 current=docs/_static/jquery.js
[2026-04-11T05:12:09Z] [iter=1] HEARTBEAT target_type=call_site elapsed_min=131.6 files_done=77 resolved=2024 errors=7205 current=docs/_static/jquery-3.2.1.js
[2026-04-11T05:39:59Z] [iter=1] HEARTBEAT target_type=call_site elapsed_min=159.5 files_done=78 resolved=2060 errors=8741 current=docs/_static/language_data.js
[2026-04-11T05:40:51Z] [iter=1] HEARTBEAT target_type=call_site elapsed_min=160.3 files_done=79 resolved=2060 errors=8789 current=docs/_static/jquery-3.1.0.js
[2026-04-11T06:08:35Z] [iter=1] HEARTBEAT target_type=call_site elapsed_min=188.1 files_done=80 resolved=2086 errors=10324 current=fireworks/flask_site/static/js/handlebars-v4.0.2.js
[2026-04-11T06:16:32Z] [iter=1] HEARTBEAT target_type=call_site elapsed_min=196.0 files_done=81 resolved=2101 errors=10763 current=fireworks/flask_site/static/js/jquery.jsonview.js
[2026-04-11T06:17:10Z] [iter=1] HEARTBEAT target_type=call_site elapsed_min=196.7 files_done=82 resolved=2110 errors=10798 current=docs/_static/searchtools.js
[2026-04-11T06:18:22Z] [iter=1] HEARTBEAT target_type=call_site elapsed_min=197.9 files_done=83 resolved=2115 errors=10865 current=fireworks/flask_site/static/js/dagre.js
[2026-04-11T06:49:11Z] [iter=1] HEARTBEAT target_type=call_site elapsed_min=228.7 files_done=84 resolved=2146 errors=12564 current=docs/_static/doctools.js
[2026-04-11T06:49:47Z] [iter=1] HEARTBEAT target_type=call_site elapsed_min=229.3 files_done=85 resolved=2155 errors=12597 current=docs/_static/underscore-1.3.1.js
[2026-04-11T06:53:31Z] [iter=1] HEARTBEAT target_type=call_site elapsed_min=233.0 files_done=86 resolved=2170 errors=12804 current=docs/_static/websupport.js
[2026-04-11T07:00:39Z] [iter=1] CHECKPOINT TRIGGERED elapsed_min=240.1 files_completed=86 new_files_this_iter=86 mem_mb=948 MB
[2026-04-11T07:00:39Z] [iter=1] Writing partial enrichment graph path=/home/runner/work/forx/forx/storage/aggregate/lsp/7897db27c0dbb9769c3a57169f8722507e2878dc.nq.gz triples=79541
[2026-04-11T07:00:41Z] [iter=1] Checkpoint written, exiting with code 7
[2026-04-11T07:00:41Z] [iter=1] PHASE END: enrich (checkpointed) elapsed_s=14408 elapsed_min=240.1 files_completed=86
