[2026-04-11T12:01:36Z] === ENRICH ITERATION 4 START | repo=materialsproject/fireworks sha=7897db27 ===
[2026-04-11T12:01:36Z] [iter=4] PHASE START: enrich repo=materialsproject/fireworks sha=7897db27 runlog=/home/runner/work/forx/forx/storage/aggregate/lsp/logs/7897db27-enrich-iter-004.log output=/home/runner/work/forx/forx/storage/aggregate/lsp/7897db27c0dbb9769c3a57169f8722507e2878dc.nq.gz
[2026-04-11T12:01:44Z] [iter=4] Step 1: Loading AST into disk-backed store mem_mb=78 MB
[2026-04-11T12:02:04Z] [iter=4] AST store loaded triples=2668227 load_secs=20 mem_mb=958 MB
[2026-04-11T12:02:04Z] [iter=4] Step 2: Finding LSP targets mem_mb=958 MB
[2026-04-11T12:02:07Z] [iter=4] LSP targets found call_sites=17604 imports=514 extends=105 implements=0 secs=3
[2026-04-11T12:02:11Z] [iter=4] Loaded checkpoint partial graph triples=79479
[2026-04-11T12:02:13Z] [iter=4] Step 2.7: Building position index (one-shot, shared across resolvers) mem_mb=958 MB
[2026-04-11T12:02:28Z] [iter=4] Position index built positions=179957 nodes_with_types=214107 secs=16 mem_mb=958 MB
[2026-04-11T12:02:28Z] [iter=4] Step 3: Starting LSP resolution mem_mb=958 MB already_completed_types=[] already_completed_files=86
[2026-04-11T12:02:28Z] [iter=4] Resolving target type target_type=call_site count=17604
[2026-04-11T12:02:30Z] [iter=4] HEARTBEAT target_type=call_site elapsed_min=0.9 files_done=0 resolved=0 errors=0 current=docs/_static/websupport.js
[2026-04-11T12:09:54Z] [iter=4] HEARTBEAT target_type=call_site elapsed_min=8.3 files_done=1 resolved=0 errors=397 current=docs/_static/underscore.js
[2026-04-11T12:13:52Z] [iter=4] HEARTBEAT target_type=call_site elapsed_min=12.3 files_done=2 resolved=18 errors=610 current=fireworks/flask_site/static/js/cytoscape-panzoom.js
[2026-04-11T12:16:09Z] [iter=4] HEARTBEAT target_type=call_site elapsed_min=14.5 files_done=3 resolved=43 errors=732 current=fireworks/flask_site/static/js/wf_cyto.js
[2026-04-11T12:16:14Z] [iter=4] Target type resolved target_type=call_site resolved=46 errors=736 secs=826 mem_mb=958 MB
[2026-04-11T12:16:14Z] [iter=4] Resolving target type target_type=import_statement count=514
[2026-04-11T12:16:15Z] [iter=4] Target type resolved target_type=import_statement resolved=1 errors=0 secs=1 mem_mb=958 MB
[2026-04-11T12:16:15Z] [iter=4] Resolving target type target_type=extends_clause count=105
[2026-04-11T12:16:16Z] [iter=4] Target type resolved target_type=extends_clause resolved=1 errors=0 secs=1 mem_mb=958 MB
[2026-04-11T12:16:31Z] [iter=4] Step 5: Writing final enrichment file triples=172861
[2026-04-11T12:16:34Z] [iter=4] Enrichment file written path=/home/runner/work/forx/forx/storage/aggregate/lsp/7897db27c0dbb9769c3a57169f8722507e2878dc.nq.gz size_kb=3464
[2026-04-11T12:16:34Z] [iter=4] Checkpoint cleared (enrichment complete)
[2026-04-11T12:16:34Z] [iter=4] PHASE END: enrich elapsed_s=898 elapsed_min=15.0 total_triples=172861
