[2026-04-11T16:53:04Z] === ENRICH ITERATION 6 START | repo=materialsproject/fireworks sha=7897db27 ===
[2026-04-11T16:53:04Z] [iter=6] PHASE START: enrich repo=materialsproject/fireworks sha=7897db27 runlog=/home/runner/work/forx/forx/storage/aggregate/lsp/logs/7897db27-enrich-iter-006.log output=/home/runner/work/forx/forx/storage/aggregate/lsp/7897db27c0dbb9769c3a57169f8722507e2878dc.nq.gz
[2026-04-11T16:53:09Z] [iter=6] Step 1: Loading AST into disk-backed store mem_mb=77 MB
[2026-04-11T16:53:31Z] [iter=6] AST store loaded triples=2668227 load_secs=21 mem_mb=946 MB
[2026-04-11T16:53:31Z] [iter=6] Step 2: Finding LSP targets mem_mb=946 MB
[2026-04-11T16:53:34Z] [iter=6] LSP targets found call_sites=17604 imports=514 extends=105 implements=0 secs=3
[2026-04-11T16:53:36Z] [iter=6] Step 2.7: Building position index (one-shot, shared across resolvers) mem_mb=946 MB
[2026-04-11T16:53:49Z] [iter=6] Position index built positions=179957 nodes_with_types=214107 secs=13 mem_mb=946 MB
[2026-04-11T16:53:49Z] [iter=6] Step 3: Starting LSP resolution mem_mb=946 MB already_completed_types=[] already_completed_files=0
[2026-04-11T16:53:49Z] [iter=6] Resolving target type target_type=call_site count=17604
[2026-04-11T16:53:50Z] [iter=6] HEARTBEAT target_type=call_site elapsed_min=0.8 files_done=0 resolved=0 errors=0 current=fireworks/core/launchpad.py
[2026-04-11T17:01:08Z] [iter=6] HEARTBEAT target_type=call_site elapsed_min=8.1 files_done=1 resolved=125 errors=414 current=fireworks/scripts/lpad_run.py
[2026-04-11T17:10:05Z] [iter=6] HEARTBEAT target_type=call_site elapsed_min=17.0 files_done=2 resolved=353 errors=921 current=fireworks/core/firework.py
[2026-04-11T17:13:00Z] [iter=6] HEARTBEAT target_type=call_site elapsed_min=19.9 files_done=3 resolved=467 errors=1084 current=fireworks/user_objects/firetasks/tests/test_dataflow_tasks.py
[2026-04-11T17:14:19Z] [iter=6] HEARTBEAT target_type=call_site elapsed_min=21.3 files_done=4 resolved=506 errors=1158 current=fireworks/utilities/tests/test_dagflow.py
[2026-04-11T17:15:33Z] [iter=6] HEARTBEAT target_type=call_site elapsed_min=22.5 files_done=5 resolved=528 errors=1227 current=fireworks/flask_site/app.py
[2026-04-11T17:17:03Z] [iter=6] HEARTBEAT target_type=call_site elapsed_min=24.0 files_done=6 resolved=588 errors=1311 current=fireworks/core/tests/test_launchpad.py
[2026-04-11T17:26:19Z] [iter=6] HEARTBEAT target_type=call_site elapsed_min=33.3 files_done=7 resolved=777 errors=1833 current=tasks.py
[2026-04-11T17:28:31Z] [iter=6] HEARTBEAT target_type=call_site elapsed_min=35.5 files_done=9 resolved=843 errors=1956 current=fireworks/user_objects/firetasks/fileio_tasks.py
[2026-04-11T17:29:05Z] [iter=6] HEARTBEAT target_type=call_site elapsed_min=36.0 files_done=10 resolved=882 errors=1987 current=fireworks/tests/master_tests.py
[2026-04-11T17:29:39Z] [iter=6] HEARTBEAT target_type=call_site elapsed_min=36.6 files_done=11 resolved=892 errors=2019 current=fireworks/tests/mongo_tests.py
[2026-04-11T17:36:29Z] [iter=6] HEARTBEAT target_type=call_site elapsed_min=43.4 files_done=12 resolved=978 errors=2405 current=fireworks/utilities/update_collection.py
[2026-04-11T17:37:41Z] [iter=6] HEARTBEAT target_type=call_site elapsed_min=44.6 files_done=14 resolved=1004 errors=2473 current=fireworks/utilities/dagflow.py
[2026-04-11T17:39:07Z] [iter=6] HEARTBEAT target_type=call_site elapsed_min=46.1 files_done=15 resolved=1067 errors=2554 current=fireworks/features/fw_report.py
[2026-04-11T17:40:39Z] [iter=6] HEARTBEAT target_type=call_site elapsed_min=47.6 files_done=17 resolved=1098 errors=2640 current=fireworks/tests/multiprocessing_tests.py
[2026-04-11T17:41:26Z] [iter=6] HEARTBEAT target_type=call_site elapsed_min=48.4 files_done=18 resolved=1133 errors=2685 current=fireworks/core/tests/tasks.py
[2026-04-11T17:42:29Z] [iter=6] HEARTBEAT target_type=call_site elapsed_min=49.4 files_done=20 resolved=1172 errors=2744 current=fireworks/user_objects/queue_adapters/common_adapter.py
[2026-04-11T17:43:27Z] [iter=6] HEARTBEAT target_type=call_site elapsed_min=50.4 files_done=21 resolved=1197 errors=2799 current=fireworks/core/tests/test_tracker.py
[2026-04-11T17:44:15Z] [iter=6] HEARTBEAT target_type=call_site elapsed_min=51.2 files_done=22 resolved=1230 errors=2845 current=fireworks/utilities/tests/test_filepad.py
[2026-04-11T17:44:48Z] [iter=6] HEARTBEAT target_type=call_site elapsed_min=51.7 files_done=23 resolved=1240 errors=2876 current=fireworks/user_objects/firetasks/tests/test_filepad_tasks.py
[2026-04-11T17:46:36Z] [iter=6] HEARTBEAT target_type=call_site elapsed_min=53.5 files_done=24 resolved=1293 errors=2978 current=fireworks/utilities/fw_serializers.py
[2026-04-11T17:47:42Z] [iter=6] HEARTBEAT target_type=call_site elapsed_min=54.6 files_done=25 resolved=1353 errors=3040 current=fireworks/user_objects/firetasks/unittest_tasks.py
[2026-04-11T17:48:42Z] [iter=6] HEARTBEAT target_type=call_site elapsed_min=55.6 files_done=27 resolved=1378 errors=3094 current=fireworks/examples/custom_firetasks/hello_world/hello_world_run.py
[2026-04-11T17:49:33Z] [iter=6] HEARTBEAT target_type=call_site elapsed_min=56.5 files_done=29 resolved=1397 errors=3142 current=fireworks/utilities/filepad.py
[2026-04-11T17:50:44Z] [iter=6] HEARTBEAT target_type=call_site elapsed_min=57.7 files_done=30 resolved=1408 errors=3209 current=fireworks/user_objects/firetasks/script_task.py
[2026-04-11T17:51:25Z] [iter=6] HEARTBEAT target_type=call_site elapsed_min=58.4 files_done=31 resolved=1443 errors=3248 current=fireworks/features/stats.py
[2026-04-11T17:51:58Z] [iter=6] HEARTBEAT target_type=call_site elapsed_min=58.9 files_done=32 resolved=1450 errors=3279 current=fireworks/scripts/rlaunch_run.py
[2026-04-11T17:52:40Z] [iter=6] HEARTBEAT target_type=call_site elapsed_min=59.6 files_done=33 resolved=1462 errors=3319 current=fireworks/tests/test_workflow.py
[2026-04-11T17:53:42Z] [iter=6] HEARTBEAT target_type=call_site elapsed_min=60.6 files_done=34 resolved=1462 errors=3377 current=fireworks/examples/custom_firetasks/merge_task/merge_task.py
[2026-04-11T17:54:19Z] [iter=6] HEARTBEAT target_type=call_site elapsed_min=61.3 files_done=36 resolved=1479 errors=3412 current=fireworks/fw_config.py
[2026-04-11T17:55:19Z] [iter=6] HEARTBEAT target_type=call_site elapsed_min=62.3 files_done=38 resolved=1523 errors=3469 current=fireworks/user_objects/firetasks/tests/test_fileio_tasks.py
[2026-04-11T17:56:19Z] [iter=6] HEARTBEAT target_type=call_site elapsed_min=63.3 files_done=40 resolved=1597 errors=3525 current=fireworks/utilities/fw_utilities.py
[2026-04-11T17:56:57Z] [iter=6] HEARTBEAT target_type=call_site elapsed_min=63.9 files_done=41 resolved=1648 errors=3560 current=fireworks/utilities/dict_mods.py
[2026-04-11T17:57:31Z] [iter=6] HEARTBEAT target_type=call_site elapsed_min=64.5 files_done=42 resolved=1670 errors=3592 current=fireworks/user_objects/firetasks/templatewriter_task.py
[2026-04-11T17:58:27Z] [iter=6] HEARTBEAT target_type=call_site elapsed_min=65.4 files_done=44 resolved=1708 errors=3644 current=fireworks/flask_site/helpers.py
[2026-04-11T17:59:21Z] [iter=6] HEARTBEAT target_type=call_site elapsed_min=66.3 files_done=46 resolved=1720 errors=3695 current=fireworks/features/tests/test_introspect.py
[2026-04-11T18:00:14Z] [iter=6] HEARTBEAT target_type=call_site elapsed_min=67.2 files_done=48 resolved=1771 errors=3744 current=fireworks/examples/tutorial_examples/workflows.py
[2026-04-11T18:01:33Z] [iter=6] HEARTBEAT target_type=call_site elapsed_min=68.5 files_done=51 resolved=1817 errors=3817 current=fireworks/core/tests/test_rocket.py
[2026-04-11T18:02:12Z] [iter=6] HEARTBEAT target_type=call_site elapsed_min=69.1 files_done=56 resolved=1846 errors=3853 current=fireworks/flask_site/gunicorn.py
[2026-04-11T18:02:44Z] [iter=6] HEARTBEAT target_type=call_site elapsed_min=69.7 files_done=59 resolved=1869 errors=3883 current=fireworks/examples/tutorial_examples/introduction.py
[2026-04-11T18:03:33Z] [iter=6] HEARTBEAT target_type=call_site elapsed_min=70.5 files_done=66 resolved=1902 errors=3929 current=fireworks/examples/tutorial_examples/dynamic_wf1.py
[2026-04-11T18:04:03Z] [iter=6] HEARTBEAT target_type=call_site elapsed_min=71.0 files_done=74 resolved=1917 errors=3957 current=fireworks/examples/custom_firetasks/hello_world/hello_world_task.py
[2026-04-11T18:32:48Z] [iter=6] HEARTBEAT target_type=call_site elapsed_min=99.7 files_done=76 resolved=1971 errors=5584 current=docs/_static/jquery.js
[2026-04-11T19:01:23Z] [iter=6] HEARTBEAT target_type=call_site elapsed_min=128.3 files_done=77 resolved=2024 errors=7205 current=docs/_static/jquery-3.2.1.js
[2026-04-11T19:28:26Z] [iter=6] HEARTBEAT target_type=call_site elapsed_min=155.4 files_done=78 resolved=2060 errors=8741 current=docs/_static/language_data.js
[2026-04-11T19:29:16Z] [iter=6] HEARTBEAT target_type=call_site elapsed_min=156.2 files_done=79 resolved=2060 errors=8789 current=docs/_static/jquery-3.1.0.js
[2026-04-11T19:56:22Z] [iter=6] HEARTBEAT target_type=call_site elapsed_min=183.3 files_done=80 resolved=2086 errors=10324 current=fireworks/flask_site/static/js/handlebars-v4.0.2.js
[2026-04-11T20:04:06Z] [iter=6] HEARTBEAT target_type=call_site elapsed_min=191.0 files_done=81 resolved=2101 errors=10763 current=fireworks/flask_site/static/js/jquery.jsonview.js
[2026-04-11T20:04:43Z] [iter=6] HEARTBEAT target_type=call_site elapsed_min=191.7 files_done=82 resolved=2110 errors=10798 current=docs/_static/searchtools.js
[2026-04-11T20:05:54Z] [iter=6] HEARTBEAT target_type=call_site elapsed_min=192.8 files_done=83 resolved=2115 errors=10865 current=fireworks/flask_site/static/js/dagre.js
[2026-04-11T20:35:46Z] [iter=6] HEARTBEAT target_type=call_site elapsed_min=222.7 files_done=84 resolved=2146 errors=12564 current=docs/_static/doctools.js
[2026-04-11T20:36:21Z] [iter=6] HEARTBEAT target_type=call_site elapsed_min=223.3 files_done=85 resolved=2155 errors=12597 current=docs/_static/underscore-1.3.1.js
[2026-04-11T20:40:00Z] [iter=6] HEARTBEAT target_type=call_site elapsed_min=226.9 files_done=86 resolved=2170 errors=12804 current=docs/_static/websupport.js
[2026-04-11T20:47:01Z] [iter=6] HEARTBEAT target_type=call_site elapsed_min=234.0 files_done=87 resolved=2188 errors=13201 current=docs/_static/underscore.js
[2026-04-11T20:50:46Z] [iter=6] HEARTBEAT target_type=call_site elapsed_min=237.7 files_done=88 resolved=2206 errors=13414 current=fireworks/flask_site/static/js/cytoscape-panzoom.js
[2026-04-11T20:52:56Z] [iter=6] HEARTBEAT target_type=call_site elapsed_min=239.9 files_done=89 resolved=2231 errors=13536 current=fireworks/flask_site/static/js/wf_cyto.js
[2026-04-11T20:53:01Z] [iter=6] Target type resolved target_type=call_site resolved=2234 errors=13540 secs=14352 mem_mb=946 MB
[2026-04-11T20:53:01Z] [iter=6] Resolving target type target_type=import_statement count=514
[2026-04-11T20:53:04Z] [iter=6] CHECKPOINT TRIGGERED elapsed_min=240.0 files_completed=55 new_files_this_iter=55 mem_mb=946 MB
[2026-04-11T20:53:04Z] [iter=6] Writing partial enrichment graph path=/home/runner/work/forx/forx/storage/aggregate/lsp/7897db27c0dbb9769c3a57169f8722507e2878dc.nq.gz triples=83275
[2026-04-11T20:53:05Z] [iter=6] Checkpoint written, exiting with code 7
[2026-04-11T20:53:05Z] [iter=6] PHASE END: enrich (checkpointed) elapsed_s=14400 elapsed_min=240.0 files_completed=55
