[2026-04-11T07:05:28Z] === ENRICH ITERATION 2 START | repo=materialsproject/fireworks sha=7897db27 ===
[2026-04-11T07:05:28Z] [iter=2] PHASE START: enrich repo=materialsproject/fireworks sha=7897db27 runlog=/home/runner/work/forx/forx/storage/aggregate/lsp/logs/7897db27-enrich-iter-002.log output=/home/runner/work/forx/forx/storage/aggregate/lsp/7897db27c0dbb9769c3a57169f8722507e2878dc.nq.gz
[2026-04-11T07:05:33Z] [iter=2] Step 1: Loading AST into disk-backed store mem_mb=77 MB
[2026-04-11T07:05:55Z] [iter=2] AST store loaded triples=2668227 load_secs=21 mem_mb=948 MB
[2026-04-11T07:05:55Z] [iter=2] Step 2: Finding LSP targets mem_mb=948 MB
[2026-04-11T07:05:58Z] [iter=2] LSP targets found call_sites=17604 imports=514 extends=105 implements=0 secs=3
[2026-04-11T07:06:01Z] [iter=2] Loaded checkpoint partial graph triples=79541
[2026-04-11T07:06:04Z] [iter=2] Step 2.7: Building position index (one-shot, shared across resolvers) mem_mb=948 MB
[2026-04-11T07:06:18Z] [iter=2] Position index built positions=179957 nodes_with_types=214107 secs=14 mem_mb=948 MB
[2026-04-11T07:06:18Z] [iter=2] Step 3: Starting LSP resolution mem_mb=948 MB already_completed_types=[] already_completed_files=86
[2026-04-11T07:06:18Z] [iter=2] Resolving target type target_type=call_site count=17604
[2026-04-11T07:06:19Z] [iter=2] HEARTBEAT target_type=call_site elapsed_min=0.8 files_done=0 resolved=0 errors=0 current=docs/_static/websupport.js
[2026-04-11T07:13:36Z] [iter=2] HEARTBEAT target_type=call_site elapsed_min=8.1 files_done=1 resolved=0 errors=397 current=docs/_static/underscore.js
[2026-04-11T07:17:29Z] [iter=2] HEARTBEAT target_type=call_site elapsed_min=12.0 files_done=2 resolved=18 errors=610 current=fireworks/flask_site/static/js/cytoscape-panzoom.js
[2026-04-11T07:19:42Z] [iter=2] HEARTBEAT target_type=call_site elapsed_min=14.2 files_done=3 resolved=43 errors=732 current=fireworks/flask_site/static/js/wf_cyto.js
[2026-04-11T07:19:47Z] [iter=2] Target type resolved target_type=call_site resolved=46 errors=736 secs=810 mem_mb=948 MB
[2026-04-11T07:19:47Z] [iter=2] Resolving target type target_type=import_statement count=514
[2026-04-11T07:19:49Z] [iter=2] Target type resolved target_type=import_statement resolved=1 errors=0 secs=1 mem_mb=948 MB
[2026-04-11T07:19:49Z] [iter=2] Resolving target type target_type=extends_clause count=105
[2026-04-11T07:19:50Z] [iter=2] Target type resolved target_type=extends_clause resolved=1 errors=0 secs=1 mem_mb=948 MB
[2026-04-11T07:20:04Z] [iter=2] Step 5: Writing final enrichment file triples=172861
[2026-04-11T07:20:07Z] [iter=2] Enrichment file written path=/home/runner/work/forx/forx/storage/aggregate/lsp/7897db27c0dbb9769c3a57169f8722507e2878dc.nq.gz size_kb=3462
[2026-04-11T07:20:07Z] [iter=2] Checkpoint cleared (enrichment complete)
[2026-04-11T07:20:07Z] [iter=2] PHASE END: enrich elapsed_s=879 elapsed_min=14.7 total_triples=172861
